calendar__week20--enabled.svg
chevron--down10-on-dark.svg
