class Foo {
  public void foo() {
    out.write("./calendar__week20--enabled.svg");
    out.write("./chevron--down10-on-dark.svg");
  }
}
